Adding job tentatively -- it will be properly scheduled when the scheduler starts
Added job "_scheduled_ingestion" to job store "default"
Scheduler started
Running job "_scheduled_ingestion (trigger: interval[0:01:00], next run at: 2026-03-01 21:08:39 IST)" (scheduled at 2026-03-01 21:08:39.070044+05:30)
Device set to use cpu
Job "_scheduled_ingestion (trigger: interval[0:01:00], next run at: 2026-03-01 21:09:39 IST)" executed successfully
Running job "_scheduled_ingestion (trigger: interval[0:01:00], next run at: 2026-03-01 21:10:39 IST)" (scheduled at 2026-03-01 21:09:39.070044+05:30)
Execution of job "_scheduled_ingestion (trigger: interval[0:01:00], next run at: 2026-03-01 21:10:39 IST)" skipped: maximum number of running instances reached (1)
Job "_scheduled_ingestion (trigger: interval[0:01:00], next run at: 2026-03-01 21:11:39 IST)" executed successfully
Running job "_scheduled_ingestion (trigger: interval[0:01:00], next run at: 2026-03-01 21:12:39 IST)" (scheduled at 2026-03-01 21:11:39.070044+05:30)
Execution of job "_scheduled_ingestion (trigger: interval[0:01:00], next run at: 2026-03-01 21:12:39 IST)" skipped: maximum number of running instances reached (1)
Job "_scheduled_ingestion (trigger: interval[0:01:00], next run at: 2026-03-01 21:13:39 IST)" executed successfully
Running job "_scheduled_ingestion (trigger: interval[0:01:00], next run at: 2026-03-01 21:14:39 IST)" (scheduled at 2026-03-01 21:13:39.070044+05:30)
Execution of job "_scheduled_ingestion (trigger: interval[0:01:00], next run at: 2026-03-01 21:14:39 IST)" skipped: maximum number of running instances reached (1)
Job "_scheduled_ingestion (trigger: interval[0:01:00], next run at: 2026-03-01 21:15:39 IST)" executed successfully
Running job "_scheduled_ingestion (trigger: interval[0:01:00], next run at: 2026-03-01 21:16:39 IST)" (scheduled at 2026-03-01 21:15:39.070044+05:30)
Execution of job "_scheduled_ingestion (trigger: interval[0:01:00], next run at: 2026-03-01 21:16:39 IST)" skipped: maximum number of running instances reached (1)
Job "_scheduled_ingestion (trigger: interval[0:01:00], next run at: 2026-03-01 21:17:39 IST)" executed successfully
Running job "_scheduled_ingestion (trigger: interval[0:01:00], next run at: 2026-03-01 21:18:39 IST)" (scheduled at 2026-03-01 21:17:39.070044+05:30)
Job "_scheduled_ingestion (trigger: interval[0:01:00], next run at: 2026-03-01 21:18:39 IST)" executed successfully
Running job "_scheduled_ingestion (trigger: interval[0:01:00], next run at: 2026-03-01 21:19:39 IST)" (scheduled at 2026-03-01 21:18:39.070044+05:30)
Execution of job "_scheduled_ingestion (trigger: interval[0:01:00], next run at: 2026-03-01 21:19:39 IST)" skipped: maximum number of running instances reached (1)
Job "_scheduled_ingestion (trigger: interval[0:01:00], next run at: 2026-03-01 21:20:39 IST)" executed successfully
Running job "_scheduled_ingestion (trigger: interval[0:01:00], next run at: 2026-03-01 21:21:39 IST)" (scheduled at 2026-03-01 21:20:39.070044+05:30)
Execution of job "_scheduled_ingestion (trigger: interval[0:01:00], next run at: 2026-03-01 21:21:39 IST)" skipped: maximum number of running instances reached (1)
Job "_scheduled_ingestion (trigger: interval[0:01:00], next run at: 2026-03-01 21:22:39 IST)" executed successfully
Running job "_scheduled_ingestion (trigger: interval[0:01:00], next run at: 2026-03-01 21:23:39 IST)" (scheduled at 2026-03-01 21:22:39.070044+05:30)
Execution of job "_scheduled_ingestion (trigger: interval[0:01:00], next run at: 2026-03-01 21:23:39 IST)" skipped: maximum number of running instances reached (1)
Job "_scheduled_ingestion (trigger: interval[0:01:00], next run at: 2026-03-01 21:24:39 IST)" executed successfully
Running job "_scheduled_ingestion (trigger: interval[0:01:00], next run at: 2026-03-01 21:25:39 IST)" (scheduled at 2026-03-01 21:24:39.070044+05:30)
Execution of job "_scheduled_ingestion (trigger: interval[0:01:00], next run at: 2026-03-01 21:25:39 IST)" skipped: maximum number of running instances reached (1)
Job "_scheduled_ingestion (trigger: interval[0:01:00], next run at: 2026-03-01 21:26:39 IST)" executed successfully
Running job "_scheduled_ingestion (trigger: interval[0:01:00], next run at: 2026-03-01 21:27:39 IST)" (scheduled at 2026-03-01 21:26:39.070044+05:30)
Execution of job "_scheduled_ingestion (trigger: interval[0:01:00], next run at: 2026-03-01 21:27:39 IST)" skipped: maximum number of running instances reached (1)
Job "_scheduled_ingestion (trigger: interval[0:01:00], next run at: 2026-03-01 21:28:39 IST)" executed successfully
Running job "_scheduled_ingestion (trigger: interval[0:01:00], next run at: 2026-03-01 21:29:39 IST)" (scheduled at 2026-03-01 21:28:39.070044+05:30)
Execution of job "_scheduled_ingestion (trigger: interval[0:01:00], next run at: 2026-03-01 21:29:39 IST)" skipped: maximum number of running instances reached (1)
Job "_scheduled_ingestion (trigger: interval[0:01:00], next run at: 2026-03-01 21:30:39 IST)" executed successfully
Running job "_scheduled_ingestion (trigger: interval[0:01:00], next run at: 2026-03-01 21:31:39 IST)" (scheduled at 2026-03-01 21:30:39.070044+05:30)
C:\Users\Deepa\Downloads\rse\backend\app\services\model_metrics_service.py:57: FutureWarning: You are using `torch.load` with `weights_only=False` (the current default value), which uses the default pickle module implicitly. It is possible to construct malicious pickle data which will execute arbitrary code during unpickling (See https://github.com/pytorch/pytorch/blob/main/SECURITY.md#untrusted-models for more details). In a future release, the default value for `weights_only` will be flipped to `True`. This limits the functions that could be executed during unpickling. Arbitrary objects will no longer be allowed to be loaded via this mode unless they are explicitly allowlisted by the user via `torch.serialization.add_safe_globals`. We recommend you start setting `weights_only=True` for any use case where you don't have full control of the loaded file. Please open an issue on GitHub for any issues related to this experimental feature.
  payload = torch.load(model_path, map_location="cpu")
Execution of job "_scheduled_ingestion (trigger: interval[0:01:00], next run at: 2026-03-01 21:31:39 IST)" skipped: maximum number of running instances reached (1)
Execution of job "_scheduled_ingestion (trigger: interval[0:01:00], next run at: 2026-03-01 21:32:39 IST)" skipped: maximum number of running instances reached (1)
Job "_scheduled_ingestion (trigger: interval[0:01:00], next run at: 2026-03-01 21:33:39 IST)" executed successfully
Running job "_scheduled_ingestion (trigger: interval[0:01:00], next run at: 2026-03-01 21:34:39 IST)" (scheduled at 2026-03-01 21:33:39.070044+05:30)
Execution of job "_scheduled_ingestion (trigger: interval[0:01:00], next run at: 2026-03-01 21:34:39 IST)" skipped: maximum number of running instances reached (1)
Execution of job "_scheduled_ingestion (trigger: interval[0:01:00], next run at: 2026-03-01 21:35:39 IST)" skipped: maximum number of running instances reached (1)
Job "_scheduled_ingestion (trigger: interval[0:01:00], next run at: 2026-03-01 21:36:39 IST)" executed successfully
Running job "_scheduled_ingestion (trigger: interval[0:01:00], next run at: 2026-03-01 21:37:39 IST)" (scheduled at 2026-03-01 21:36:39.070044+05:30)
Execution of job "_scheduled_ingestion (trigger: interval[0:01:00], next run at: 2026-03-01 21:37:39 IST)" skipped: maximum number of running instances reached (1)
Execution of job "_scheduled_ingestion (trigger: interval[0:01:00], next run at: 2026-03-01 21:38:39 IST)" skipped: maximum number of running instances reached (1)
Job "_scheduled_ingestion (trigger: interval[0:01:00], next run at: 2026-03-01 21:39:39 IST)" executed successfully
Running job "_scheduled_ingestion (trigger: interval[0:01:00], next run at: 2026-03-01 21:40:39 IST)" (scheduled at 2026-03-01 21:39:39.070044+05:30)
Execution of job "_scheduled_ingestion (trigger: interval[0:01:00], next run at: 2026-03-01 21:40:39 IST)" skipped: maximum number of running instances reached (1)
Execution of job "_scheduled_ingestion (trigger: interval[0:01:00], next run at: 2026-03-01 21:41:39 IST)" skipped: maximum number of running instances reached (1)
Job "_scheduled_ingestion (trigger: interval[0:01:00], next run at: 2026-03-01 21:42:39 IST)" executed successfully
Running job "_scheduled_ingestion (trigger: interval[0:01:00], next run at: 2026-03-01 21:43:39 IST)" (scheduled at 2026-03-01 21:42:39.070044+05:30)
Execution of job "_scheduled_ingestion (trigger: interval[0:01:00], next run at: 2026-03-01 21:43:39 IST)" skipped: maximum number of running instances reached (1)
Execution of job "_scheduled_ingestion (trigger: interval[0:01:00], next run at: 2026-03-01 21:44:39 IST)" skipped: maximum number of running instances reached (1)
Job "_scheduled_ingestion (trigger: interval[0:01:00], next run at: 2026-03-01 21:45:39 IST)" executed successfully
Running job "_scheduled_ingestion (trigger: interval[0:01:00], next run at: 2026-03-01 21:46:39 IST)" (scheduled at 2026-03-01 21:45:39.070044+05:30)
Execution of job "_scheduled_ingestion (trigger: interval[0:01:00], next run at: 2026-03-01 21:46:39 IST)" skipped: maximum number of running instances reached (1)
Execution of job "_scheduled_ingestion (trigger: interval[0:01:00], next run at: 2026-03-01 21:47:39 IST)" skipped: maximum number of running instances reached (1)
Job "_scheduled_ingestion (trigger: interval[0:01:00], next run at: 2026-03-01 21:48:39 IST)" executed successfully
Running job "_scheduled_ingestion (trigger: interval[0:01:00], next run at: 2026-03-01 21:49:39 IST)" (scheduled at 2026-03-01 21:48:39.070044+05:30)
Execution of job "_scheduled_ingestion (trigger: interval[0:01:00], next run at: 2026-03-01 21:49:39 IST)" skipped: maximum number of running instances reached (1)
Execution of job "_scheduled_ingestion (trigger: interval[0:01:00], next run at: 2026-03-01 21:50:39 IST)" skipped: maximum number of running instances reached (1)
Job "_scheduled_ingestion (trigger: interval[0:01:00], next run at: 2026-03-01 21:51:39 IST)" executed successfully
Running job "_scheduled_ingestion (trigger: interval[0:01:00], next run at: 2026-03-01 21:52:39 IST)" (scheduled at 2026-03-01 21:51:39.070044+05:30)
Execution of job "_scheduled_ingestion (trigger: interval[0:01:00], next run at: 2026-03-01 21:52:39 IST)" skipped: maximum number of running instances reached (1)
Execution of job "_scheduled_ingestion (trigger: interval[0:01:00], next run at: 2026-03-01 21:53:39 IST)" skipped: maximum number of running instances reached (1)
Job "_scheduled_ingestion (trigger: interval[0:01:00], next run at: 2026-03-01 21:54:39 IST)" executed successfully
Running job "_scheduled_ingestion (trigger: interval[0:01:00], next run at: 2026-03-01 21:55:39 IST)" (scheduled at 2026-03-01 21:54:39.070044+05:30)
Execution of job "_scheduled_ingestion (trigger: interval[0:01:00], next run at: 2026-03-01 21:55:39 IST)" skipped: maximum number of running instances reached (1)
Execution of job "_scheduled_ingestion (trigger: interval[0:01:00], next run at: 2026-03-01 21:56:39 IST)" skipped: maximum number of running instances reached (1)
Job "_scheduled_ingestion (trigger: interval[0:01:00], next run at: 2026-03-01 21:57:39 IST)" executed successfully
Running job "_scheduled_ingestion (trigger: interval[0:01:00], next run at: 2026-03-01 21:58:39 IST)" (scheduled at 2026-03-01 21:57:39.070044+05:30)
Execution of job "_scheduled_ingestion (trigger: interval[0:01:00], next run at: 2026-03-01 21:58:39 IST)" skipped: maximum number of running instances reached (1)
Execution of job "_scheduled_ingestion (trigger: interval[0:01:00], next run at: 2026-03-01 21:59:39 IST)" skipped: maximum number of running instances reached (1)
Job "_scheduled_ingestion (trigger: interval[0:01:00], next run at: 2026-03-01 22:00:39 IST)" executed successfully
Running job "_scheduled_ingestion (trigger: interval[0:01:00], next run at: 2026-03-01 22:01:39 IST)" (scheduled at 2026-03-01 22:00:39.070044+05:30)
Execution of job "_scheduled_ingestion (trigger: interval[0:01:00], next run at: 2026-03-01 22:01:39 IST)" skipped: maximum number of running instances reached (1)
Execution of job "_scheduled_ingestion (trigger: interval[0:01:00], next run at: 2026-03-01 22:02:39 IST)" skipped: maximum number of running instances reached (1)
Job "_scheduled_ingestion (trigger: interval[0:01:00], next run at: 2026-03-01 22:03:39 IST)" executed successfully
Running job "_scheduled_ingestion (trigger: interval[0:01:00], next run at: 2026-03-01 22:04:39 IST)" (scheduled at 2026-03-01 22:03:39.070044+05:30)
Execution of job "_scheduled_ingestion (trigger: interval[0:01:00], next run at: 2026-03-01 22:04:39 IST)" skipped: maximum number of running instances reached (1)
Execution of job "_scheduled_ingestion (trigger: interval[0:01:00], next run at: 2026-03-01 22:05:39 IST)" skipped: maximum number of running instances reached (1)
Job "_scheduled_ingestion (trigger: interval[0:01:00], next run at: 2026-03-01 22:06:39 IST)" executed successfully
Running job "_scheduled_ingestion (trigger: interval[0:01:00], next run at: 2026-03-01 22:07:39 IST)" (scheduled at 2026-03-01 22:06:39.070044+05:30)
Execution of job "_scheduled_ingestion (trigger: interval[0:01:00], next run at: 2026-03-01 22:07:39 IST)" skipped: maximum number of running instances reached (1)
Execution of job "_scheduled_ingestion (trigger: interval[0:01:00], next run at: 2026-03-01 22:08:39 IST)" skipped: maximum number of running instances reached (1)
Job "_scheduled_ingestion (trigger: interval[0:01:00], next run at: 2026-03-01 22:09:39 IST)" executed successfully
Running job "_scheduled_ingestion (trigger: interval[0:01:00], next run at: 2026-03-01 22:10:39 IST)" (scheduled at 2026-03-01 22:09:39.070044+05:30)
Execution of job "_scheduled_ingestion (trigger: interval[0:01:00], next run at: 2026-03-01 22:10:39 IST)" skipped: maximum number of running instances reached (1)
Execution of job "_scheduled_ingestion (trigger: interval[0:01:00], next run at: 2026-03-01 22:11:39 IST)" skipped: maximum number of running instances reached (1)
Job "_scheduled_ingestion (trigger: interval[0:01:00], next run at: 2026-03-01 22:12:39 IST)" executed successfully
Running job "_scheduled_ingestion (trigger: interval[0:01:00], next run at: 2026-03-01 22:13:39 IST)" (scheduled at 2026-03-01 22:12:39.070044+05:30)
Execution of job "_scheduled_ingestion (trigger: interval[0:01:00], next run at: 2026-03-01 22:13:39 IST)" skipped: maximum number of running instances reached (1)
Execution of job "_scheduled_ingestion (trigger: interval[0:01:00], next run at: 2026-03-01 22:14:39 IST)" skipped: maximum number of running instances reached (1)
Job "_scheduled_ingestion (trigger: interval[0:01:00], next run at: 2026-03-01 22:15:39 IST)" executed successfully
Running job "_scheduled_ingestion (trigger: interval[0:01:00], next run at: 2026-03-01 22:16:39 IST)" (scheduled at 2026-03-01 22:15:39.070044+05:30)
Execution of job "_scheduled_ingestion (trigger: interval[0:01:00], next run at: 2026-03-01 22:16:39 IST)" skipped: maximum number of running instances reached (1)
Execution of job "_scheduled_ingestion (trigger: interval[0:01:00], next run at: 2026-03-01 22:17:39 IST)" skipped: maximum number of running instances reached (1)
Job "_scheduled_ingestion (trigger: interval[0:01:00], next run at: 2026-03-01 22:18:39 IST)" executed successfully
Running job "_scheduled_ingestion (trigger: interval[0:01:00], next run at: 2026-03-01 22:19:39 IST)" (scheduled at 2026-03-01 22:18:39.070044+05:30)
Execution of job "_scheduled_ingestion (trigger: interval[0:01:00], next run at: 2026-03-01 22:19:39 IST)" skipped: maximum number of running instances reached (1)
Execution of job "_scheduled_ingestion (trigger: interval[0:01:00], next run at: 2026-03-01 22:20:39 IST)" skipped: maximum number of running instances reached (1)
Job "_scheduled_ingestion (trigger: interval[0:01:00], next run at: 2026-03-01 22:21:39 IST)" executed successfully
Running job "_scheduled_ingestion (trigger: interval[0:01:00], next run at: 2026-03-01 22:22:39 IST)" (scheduled at 2026-03-01 22:21:39.070044+05:30)
Execution of job "_scheduled_ingestion (trigger: interval[0:01:00], next run at: 2026-03-01 22:22:39 IST)" skipped: maximum number of running instances reached (1)
Execution of job "_scheduled_ingestion (trigger: interval[0:01:00], next run at: 2026-03-01 22:23:39 IST)" skipped: maximum number of running instances reached (1)
Job "_scheduled_ingestion (trigger: interval[0:01:00], next run at: 2026-03-01 22:24:39 IST)" executed successfully
Running job "_scheduled_ingestion (trigger: interval[0:01:00], next run at: 2026-03-01 22:25:39 IST)" (scheduled at 2026-03-01 22:24:39.070044+05:30)
Execution of job "_scheduled_ingestion (trigger: interval[0:01:00], next run at: 2026-03-01 22:25:39 IST)" skipped: maximum number of running instances reached (1)
Execution of job "_scheduled_ingestion (trigger: interval[0:01:00], next run at: 2026-03-01 22:26:39 IST)" skipped: maximum number of running instances reached (1)
Job "_scheduled_ingestion (trigger: interval[0:01:00], next run at: 2026-03-01 22:27:39 IST)" executed successfully
Running job "_scheduled_ingestion (trigger: interval[0:01:00], next run at: 2026-03-01 22:28:39 IST)" (scheduled at 2026-03-01 22:27:39.070044+05:30)
Execution of job "_scheduled_ingestion (trigger: interval[0:01:00], next run at: 2026-03-01 22:28:39 IST)" skipped: maximum number of running instances reached (1)
Execution of job "_scheduled_ingestion (trigger: interval[0:01:00], next run at: 2026-03-01 22:29:39 IST)" skipped: maximum number of running instances reached (1)
Job "_scheduled_ingestion (trigger: interval[0:01:00], next run at: 2026-03-01 22:30:39 IST)" executed successfully
Running job "_scheduled_ingestion (trigger: interval[0:01:00], next run at: 2026-03-01 22:31:39 IST)" (scheduled at 2026-03-01 22:30:39.070044+05:30)
Execution of job "_scheduled_ingestion (trigger: interval[0:01:00], next run at: 2026-03-01 22:31:39 IST)" skipped: maximum number of running instances reached (1)
Execution of job "_scheduled_ingestion (trigger: interval[0:01:00], next run at: 2026-03-01 22:32:39 IST)" skipped: maximum number of running instances reached (1)
Job "_scheduled_ingestion (trigger: interval[0:01:00], next run at: 2026-03-01 22:33:39 IST)" executed successfully
Running job "_scheduled_ingestion (trigger: interval[0:01:00], next run at: 2026-03-01 22:34:39 IST)" (scheduled at 2026-03-01 22:33:39.070044+05:30)
Execution of job "_scheduled_ingestion (trigger: interval[0:01:00], next run at: 2026-03-01 22:34:39 IST)" skipped: maximum number of running instances reached (1)
Execution of job "_scheduled_ingestion (trigger: interval[0:01:00], next run at: 2026-03-01 22:35:39 IST)" skipped: maximum number of running instances reached (1)
Job "_scheduled_ingestion (trigger: interval[0:01:00], next run at: 2026-03-01 22:36:39 IST)" executed successfully
Running job "_scheduled_ingestion (trigger: interval[0:01:00], next run at: 2026-03-01 22:37:39 IST)" (scheduled at 2026-03-01 22:36:39.070044+05:30)
Execution of job "_scheduled_ingestion (trigger: interval[0:01:00], next run at: 2026-03-01 22:37:39 IST)" skipped: maximum number of running instances reached (1)
Execution of job "_scheduled_ingestion (trigger: interval[0:01:00], next run at: 2026-03-01 22:38:39 IST)" skipped: maximum number of running instances reached (1)
Job "_scheduled_ingestion (trigger: interval[0:01:00], next run at: 2026-03-01 22:39:39 IST)" executed successfully
Running job "_scheduled_ingestion (trigger: interval[0:01:00], next run at: 2026-03-01 22:40:39 IST)" (scheduled at 2026-03-01 22:39:39.070044+05:30)
Execution of job "_scheduled_ingestion (trigger: interval[0:01:00], next run at: 2026-03-01 22:40:39 IST)" skipped: maximum number of running instances reached (1)
Execution of job "_scheduled_ingestion (trigger: interval[0:01:00], next run at: 2026-03-01 22:41:39 IST)" skipped: maximum number of running instances reached (1)
Job "_scheduled_ingestion (trigger: interval[0:01:00], next run at: 2026-03-01 22:42:39 IST)" executed successfully
Running job "_scheduled_ingestion (trigger: interval[0:01:00], next run at: 2026-03-01 22:43:39 IST)" (scheduled at 2026-03-01 22:42:39.070044+05:30)
Execution of job "_scheduled_ingestion (trigger: interval[0:01:00], next run at: 2026-03-01 22:43:39 IST)" skipped: maximum number of running instances reached (1)
Execution of job "_scheduled_ingestion (trigger: interval[0:01:00], next run at: 2026-03-01 22:44:39 IST)" skipped: maximum number of running instances reached (1)
Job "_scheduled_ingestion (trigger: interval[0:01:00], next run at: 2026-03-01 22:45:39 IST)" executed successfully
Running job "_scheduled_ingestion (trigger: interval[0:01:00], next run at: 2026-03-01 22:46:39 IST)" (scheduled at 2026-03-01 22:45:39.070044+05:30)
Execution of job "_scheduled_ingestion (trigger: interval[0:01:00], next run at: 2026-03-01 22:46:39 IST)" skipped: maximum number of running instances reached (1)
Execution of job "_scheduled_ingestion (trigger: interval[0:01:00], next run at: 2026-03-01 22:47:39 IST)" skipped: maximum number of running instances reached (1)
Job "_scheduled_ingestion (trigger: interval[0:01:00], next run at: 2026-03-01 22:48:39 IST)" executed successfully
Running job "_scheduled_ingestion (trigger: interval[0:01:00], next run at: 2026-03-01 22:49:39 IST)" (scheduled at 2026-03-01 22:48:39.070044+05:30)
Execution of job "_scheduled_ingestion (trigger: interval[0:01:00], next run at: 2026-03-01 22:49:39 IST)" skipped: maximum number of running instances reached (1)
Execution of job "_scheduled_ingestion (trigger: interval[0:01:00], next run at: 2026-03-01 22:50:39 IST)" skipped: maximum number of running instances reached (1)
Job "_scheduled_ingestion (trigger: interval[0:01:00], next run at: 2026-03-01 22:51:39 IST)" executed successfully
Running job "_scheduled_ingestion (trigger: interval[0:01:00], next run at: 2026-03-01 22:52:39 IST)" (scheduled at 2026-03-01 22:51:39.070044+05:30)
Execution of job "_scheduled_ingestion (trigger: interval[0:01:00], next run at: 2026-03-01 22:52:39 IST)" skipped: maximum number of running instances reached (1)
Execution of job "_scheduled_ingestion (trigger: interval[0:01:00], next run at: 2026-03-01 22:53:39 IST)" skipped: maximum number of running instances reached (1)
Job "_scheduled_ingestion (trigger: interval[0:01:00], next run at: 2026-03-01 22:54:39 IST)" executed successfully
Running job "_scheduled_ingestion (trigger: interval[0:01:00], next run at: 2026-03-01 22:55:39 IST)" (scheduled at 2026-03-01 22:54:39.070044+05:30)
Execution of job "_scheduled_ingestion (trigger: interval[0:01:00], next run at: 2026-03-01 22:55:39 IST)" skipped: maximum number of running instances reached (1)
Execution of job "_scheduled_ingestion (trigger: interval[0:01:00], next run at: 2026-03-01 22:56:39 IST)" skipped: maximum number of running instances reached (1)
Job "_scheduled_ingestion (trigger: interval[0:01:00], next run at: 2026-03-01 22:57:39 IST)" executed successfully
Running job "_scheduled_ingestion (trigger: interval[0:01:00], next run at: 2026-03-01 22:58:39 IST)" (scheduled at 2026-03-01 22:57:39.070044+05:30)
Execution of job "_scheduled_ingestion (trigger: interval[0:01:00], next run at: 2026-03-01 22:58:39 IST)" skipped: maximum number of running instances reached (1)
Execution of job "_scheduled_ingestion (trigger: interval[0:01:00], next run at: 2026-03-01 22:59:39 IST)" skipped: maximum number of running instances reached (1)
Job "_scheduled_ingestion (trigger: interval[0:01:00], next run at: 2026-03-01 23:00:39 IST)" executed successfully
Running job "_scheduled_ingestion (trigger: interval[0:01:00], next run at: 2026-03-01 23:01:39 IST)" (scheduled at 2026-03-01 23:00:39.070044+05:30)
Execution of job "_scheduled_ingestion (trigger: interval[0:01:00], next run at: 2026-03-01 23:01:39 IST)" skipped: maximum number of running instances reached (1)
Execution of job "_scheduled_ingestion (trigger: interval[0:01:00], next run at: 2026-03-01 23:02:39 IST)" skipped: maximum number of running instances reached (1)
Job "_scheduled_ingestion (trigger: interval[0:01:00], next run at: 2026-03-01 23:03:39 IST)" executed successfully
Running job "_scheduled_ingestion (trigger: interval[0:01:00], next run at: 2026-03-01 23:04:39 IST)" (scheduled at 2026-03-01 23:03:39.070044+05:30)
Execution of job "_scheduled_ingestion (trigger: interval[0:01:00], next run at: 2026-03-01 23:04:39 IST)" skipped: maximum number of running instances reached (1)
Execution of job "_scheduled_ingestion (trigger: interval[0:01:00], next run at: 2026-03-01 23:05:39 IST)" skipped: maximum number of running instances reached (1)
Job "_scheduled_ingestion (trigger: interval[0:01:00], next run at: 2026-03-01 23:06:39 IST)" executed successfully
Running job "_scheduled_ingestion (trigger: interval[0:01:00], next run at: 2026-03-01 23:07:39 IST)" (scheduled at 2026-03-01 23:06:39.070044+05:30)
Execution of job "_scheduled_ingestion (trigger: interval[0:01:00], next run at: 2026-03-01 23:07:39 IST)" skipped: maximum number of running instances reached (1)
Execution of job "_scheduled_ingestion (trigger: interval[0:01:00], next run at: 2026-03-01 23:08:39 IST)" skipped: maximum number of running instances reached (1)
Job "_scheduled_ingestion (trigger: interval[0:01:00], next run at: 2026-03-01 23:09:39 IST)" executed successfully
Running job "_scheduled_ingestion (trigger: interval[0:01:00], next run at: 2026-03-01 23:10:39 IST)" (scheduled at 2026-03-01 23:09:39.070044+05:30)
Execution of job "_scheduled_ingestion (trigger: interval[0:01:00], next run at: 2026-03-01 23:10:39 IST)" skipped: maximum number of running instances reached (1)
Execution of job "_scheduled_ingestion (trigger: interval[0:01:00], next run at: 2026-03-01 23:11:39 IST)" skipped: maximum number of running instances reached (1)
Job "_scheduled_ingestion (trigger: interval[0:01:00], next run at: 2026-03-01 23:12:39 IST)" executed successfully
Running job "_scheduled_ingestion (trigger: interval[0:01:00], next run at: 2026-03-01 23:13:39 IST)" (scheduled at 2026-03-01 23:12:39.070044+05:30)
Execution of job "_scheduled_ingestion (trigger: interval[0:01:00], next run at: 2026-03-01 23:13:39 IST)" skipped: maximum number of running instances reached (1)
Execution of job "_scheduled_ingestion (trigger: interval[0:01:00], next run at: 2026-03-01 23:14:39 IST)" skipped: maximum number of running instances reached (1)
Job "_scheduled_ingestion (trigger: interval[0:01:00], next run at: 2026-03-01 23:15:39 IST)" executed successfully
Running job "_scheduled_ingestion (trigger: interval[0:01:00], next run at: 2026-03-01 23:16:39 IST)" (scheduled at 2026-03-01 23:15:39.070044+05:30)
Execution of job "_scheduled_ingestion (trigger: interval[0:01:00], next run at: 2026-03-01 23:16:39 IST)" skipped: maximum number of running instances reached (1)
Execution of job "_scheduled_ingestion (trigger: interval[0:01:00], next run at: 2026-03-01 23:17:39 IST)" skipped: maximum number of running instances reached (1)
Job "_scheduled_ingestion (trigger: interval[0:01:00], next run at: 2026-03-01 23:18:39 IST)" executed successfully
Running job "_scheduled_ingestion (trigger: interval[0:01:00], next run at: 2026-03-01 23:19:39 IST)" (scheduled at 2026-03-01 23:18:39.070044+05:30)
Execution of job "_scheduled_ingestion (trigger: interval[0:01:00], next run at: 2026-03-01 23:19:39 IST)" skipped: maximum number of running instances reached (1)
Execution of job "_scheduled_ingestion (trigger: interval[0:01:00], next run at: 2026-03-01 23:20:39 IST)" skipped: maximum number of running instances reached (1)
Job "_scheduled_ingestion (trigger: interval[0:01:00], next run at: 2026-03-01 23:21:39 IST)" executed successfully
Running job "_scheduled_ingestion (trigger: interval[0:01:00], next run at: 2026-03-01 23:22:39 IST)" (scheduled at 2026-03-01 23:21:39.070044+05:30)
Execution of job "_scheduled_ingestion (trigger: interval[0:01:00], next run at: 2026-03-01 23:22:39 IST)" skipped: maximum number of running instances reached (1)
Execution of job "_scheduled_ingestion (trigger: interval[0:01:00], next run at: 2026-03-01 23:23:39 IST)" skipped: maximum number of running instances reached (1)
Job "_scheduled_ingestion (trigger: interval[0:01:00], next run at: 2026-03-01 23:24:39 IST)" executed successfully
Running job "_scheduled_ingestion (trigger: interval[0:01:00], next run at: 2026-03-01 23:25:39 IST)" (scheduled at 2026-03-01 23:24:39.070044+05:30)
Execution of job "_scheduled_ingestion (trigger: interval[0:01:00], next run at: 2026-03-01 23:25:39 IST)" skipped: maximum number of running instances reached (1)
Execution of job "_scheduled_ingestion (trigger: interval[0:01:00], next run at: 2026-03-01 23:26:39 IST)" skipped: maximum number of running instances reached (1)
Job "_scheduled_ingestion (trigger: interval[0:01:00], next run at: 2026-03-01 23:27:39 IST)" executed successfully
Running job "_scheduled_ingestion (trigger: interval[0:01:00], next run at: 2026-03-01 23:28:39 IST)" (scheduled at 2026-03-01 23:27:39.070044+05:30)
Execution of job "_scheduled_ingestion (trigger: interval[0:01:00], next run at: 2026-03-01 23:28:39 IST)" skipped: maximum number of running instances reached (1)
Execution of job "_scheduled_ingestion (trigger: interval[0:01:00], next run at: 2026-03-01 23:29:39 IST)" skipped: maximum number of running instances reached (1)
Job "_scheduled_ingestion (trigger: interval[0:01:00], next run at: 2026-03-01 23:30:39 IST)" executed successfully
Running job "_scheduled_ingestion (trigger: interval[0:01:00], next run at: 2026-03-01 23:31:39 IST)" (scheduled at 2026-03-01 23:30:39.070044+05:30)
Execution of job "_scheduled_ingestion (trigger: interval[0:01:00], next run at: 2026-03-01 23:31:39 IST)" skipped: maximum number of running instances reached (1)
Execution of job "_scheduled_ingestion (trigger: interval[0:01:00], next run at: 2026-03-01 23:32:39 IST)" skipped: maximum number of running instances reached (1)
Job "_scheduled_ingestion (trigger: interval[0:01:00], next run at: 2026-03-01 23:33:39 IST)" executed successfully
Running job "_scheduled_ingestion (trigger: interval[0:01:00], next run at: 2026-03-01 23:34:39 IST)" (scheduled at 2026-03-01 23:33:39.070044+05:30)
Execution of job "_scheduled_ingestion (trigger: interval[0:01:00], next run at: 2026-03-01 23:34:39 IST)" skipped: maximum number of running instances reached (1)
Execution of job "_scheduled_ingestion (trigger: interval[0:01:00], next run at: 2026-03-01 23:35:39 IST)" skipped: maximum number of running instances reached (1)
Job "_scheduled_ingestion (trigger: interval[0:01:00], next run at: 2026-03-01 23:36:39 IST)" executed successfully
Running job "_scheduled_ingestion (trigger: interval[0:01:00], next run at: 2026-03-01 23:37:39 IST)" (scheduled at 2026-03-01 23:36:39.070044+05:30)
Execution of job "_scheduled_ingestion (trigger: interval[0:01:00], next run at: 2026-03-01 23:37:39 IST)" skipped: maximum number of running instances reached (1)
Execution of job "_scheduled_ingestion (trigger: interval[0:01:00], next run at: 2026-03-01 23:38:39 IST)" skipped: maximum number of running instances reached (1)
Job "_scheduled_ingestion (trigger: interval[0:01:00], next run at: 2026-03-01 23:39:39 IST)" executed successfully
Running job "_scheduled_ingestion (trigger: interval[0:01:00], next run at: 2026-03-01 23:40:39 IST)" (scheduled at 2026-03-01 23:39:39.070044+05:30)
Execution of job "_scheduled_ingestion (trigger: interval[0:01:00], next run at: 2026-03-01 23:40:39 IST)" skipped: maximum number of running instances reached (1)
Execution of job "_scheduled_ingestion (trigger: interval[0:01:00], next run at: 2026-03-01 23:41:39 IST)" skipped: maximum number of running instances reached (1)
Job "_scheduled_ingestion (trigger: interval[0:01:00], next run at: 2026-03-01 23:42:39 IST)" executed successfully
Running job "_scheduled_ingestion (trigger: interval[0:01:00], next run at: 2026-03-01 23:43:39 IST)" (scheduled at 2026-03-01 23:42:39.070044+05:30)
Execution of job "_scheduled_ingestion (trigger: interval[0:01:00], next run at: 2026-03-01 23:43:39 IST)" skipped: maximum number of running instances reached (1)
Execution of job "_scheduled_ingestion (trigger: interval[0:01:00], next run at: 2026-03-01 23:44:39 IST)" skipped: maximum number of running instances reached (1)
Job "_scheduled_ingestion (trigger: interval[0:01:00], next run at: 2026-03-01 23:45:39 IST)" executed successfully
Running job "_scheduled_ingestion (trigger: interval[0:01:00], next run at: 2026-03-01 23:46:39 IST)" (scheduled at 2026-03-01 23:45:39.070044+05:30)
Execution of job "_scheduled_ingestion (trigger: interval[0:01:00], next run at: 2026-03-01 23:46:39 IST)" skipped: maximum number of running instances reached (1)
Execution of job "_scheduled_ingestion (trigger: interval[0:01:00], next run at: 2026-03-01 23:47:39 IST)" skipped: maximum number of running instances reached (1)
Job "_scheduled_ingestion (trigger: interval[0:01:00], next run at: 2026-03-01 23:48:39 IST)" executed successfully
Running job "_scheduled_ingestion (trigger: interval[0:01:00], next run at: 2026-03-01 23:49:39 IST)" (scheduled at 2026-03-01 23:48:39.070044+05:30)
Execution of job "_scheduled_ingestion (trigger: interval[0:01:00], next run at: 2026-03-01 23:49:39 IST)" skipped: maximum number of running instances reached (1)
Execution of job "_scheduled_ingestion (trigger: interval[0:01:00], next run at: 2026-03-01 23:50:39 IST)" skipped: maximum number of running instances reached (1)
Job "_scheduled_ingestion (trigger: interval[0:01:00], next run at: 2026-03-01 23:51:39 IST)" executed successfully
Running job "_scheduled_ingestion (trigger: interval[0:01:00], next run at: 2026-03-01 23:52:39 IST)" (scheduled at 2026-03-01 23:51:39.070044+05:30)
Execution of job "_scheduled_ingestion (trigger: interval[0:01:00], next run at: 2026-03-01 23:52:39 IST)" skipped: maximum number of running instances reached (1)
Execution of job "_scheduled_ingestion (trigger: interval[0:01:00], next run at: 2026-03-01 23:53:39 IST)" skipped: maximum number of running instances reached (1)
Job "_scheduled_ingestion (trigger: interval[0:01:00], next run at: 2026-03-01 23:54:39 IST)" executed successfully
Running job "_scheduled_ingestion (trigger: interval[0:01:00], next run at: 2026-03-01 23:55:39 IST)" (scheduled at 2026-03-01 23:54:39.070044+05:30)
Execution of job "_scheduled_ingestion (trigger: interval[0:01:00], next run at: 2026-03-01 23:55:39 IST)" skipped: maximum number of running instances reached (1)
Execution of job "_scheduled_ingestion (trigger: interval[0:01:00], next run at: 2026-03-01 23:56:39 IST)" skipped: maximum number of running instances reached (1)
Job "_scheduled_ingestion (trigger: interval[0:01:00], next run at: 2026-03-01 23:57:39 IST)" executed successfully
Running job "_scheduled_ingestion (trigger: interval[0:01:00], next run at: 2026-03-01 23:58:39 IST)" (scheduled at 2026-03-01 23:57:39.070044+05:30)
Execution of job "_scheduled_ingestion (trigger: interval[0:01:00], next run at: 2026-03-01 23:58:39 IST)" skipped: maximum number of running instances reached (1)
Execution of job "_scheduled_ingestion (trigger: interval[0:01:00], next run at: 2026-03-01 23:59:39 IST)" skipped: maximum number of running instances reached (1)
Job "_scheduled_ingestion (trigger: interval[0:01:00], next run at: 2026-03-02 00:00:39 IST)" executed successfully
Running job "_scheduled_ingestion (trigger: interval[0:01:00], next run at: 2026-03-02 00:01:39 IST)" (scheduled at 2026-03-02 00:00:39.070044+05:30)
Execution of job "_scheduled_ingestion (trigger: interval[0:01:00], next run at: 2026-03-02 00:01:39 IST)" skipped: maximum number of running instances reached (1)
Execution of job "_scheduled_ingestion (trigger: interval[0:01:00], next run at: 2026-03-02 00:02:39 IST)" skipped: maximum number of running instances reached (1)
Job "_scheduled_ingestion (trigger: interval[0:01:00], next run at: 2026-03-02 00:03:39 IST)" executed successfully
Running job "_scheduled_ingestion (trigger: interval[0:01:00], next run at: 2026-03-02 00:04:39 IST)" (scheduled at 2026-03-02 00:03:39.070044+05:30)
Execution of job "_scheduled_ingestion (trigger: interval[0:01:00], next run at: 2026-03-02 00:04:39 IST)" skipped: maximum number of running instances reached (1)
Execution of job "_scheduled_ingestion (trigger: interval[0:01:00], next run at: 2026-03-02 00:05:39 IST)" skipped: maximum number of running instances reached (1)
Job "_scheduled_ingestion (trigger: interval[0:01:00], next run at: 2026-03-02 00:06:39 IST)" executed successfully
Running job "_scheduled_ingestion (trigger: interval[0:01:00], next run at: 2026-03-02 00:07:39 IST)" (scheduled at 2026-03-02 00:06:39.070044+05:30)
Execution of job "_scheduled_ingestion (trigger: interval[0:01:00], next run at: 2026-03-02 00:07:39 IST)" skipped: maximum number of running instances reached (1)
Execution of job "_scheduled_ingestion (trigger: interval[0:01:00], next run at: 2026-03-02 00:08:39 IST)" skipped: maximum number of running instances reached (1)
Job "_scheduled_ingestion (trigger: interval[0:01:00], next run at: 2026-03-02 00:09:39 IST)" executed successfully
Running job "_scheduled_ingestion (trigger: interval[0:01:00], next run at: 2026-03-02 00:10:39 IST)" (scheduled at 2026-03-02 00:09:39.070044+05:30)
Execution of job "_scheduled_ingestion (trigger: interval[0:01:00], next run at: 2026-03-02 00:10:39 IST)" skipped: maximum number of running instances reached (1)
Execution of job "_scheduled_ingestion (trigger: interval[0:01:00], next run at: 2026-03-02 00:11:39 IST)" skipped: maximum number of running instances reached (1)
Job "_scheduled_ingestion (trigger: interval[0:01:00], next run at: 2026-03-02 00:12:39 IST)" executed successfully
Running job "_scheduled_ingestion (trigger: interval[0:01:00], next run at: 2026-03-02 00:13:39 IST)" (scheduled at 2026-03-02 00:12:39.070044+05:30)
Execution of job "_scheduled_ingestion (trigger: interval[0:01:00], next run at: 2026-03-02 00:13:39 IST)" skipped: maximum number of running instances reached (1)
Execution of job "_scheduled_ingestion (trigger: interval[0:01:00], next run at: 2026-03-02 00:14:39 IST)" skipped: maximum number of running instances reached (1)
Job "_scheduled_ingestion (trigger: interval[0:01:00], next run at: 2026-03-02 00:15:39 IST)" executed successfully
Run time of job "_scheduled_ingestion (trigger: interval[0:01:00], next run at: 2026-03-02 00:16:39 IST)" was missed by 0:00:01.223955
Running job "_scheduled_ingestion (trigger: interval[0:01:00], next run at: 2026-03-02 00:17:39 IST)" (scheduled at 2026-03-02 00:16:39.070044+05:30)
Execution of job "_scheduled_ingestion (trigger: interval[0:01:00], next run at: 2026-03-02 00:17:39 IST)" skipped: maximum number of running instances reached (1)
Execution of job "_scheduled_ingestion (trigger: interval[0:01:00], next run at: 2026-03-02 00:18:39 IST)" skipped: maximum number of running instances reached (1)
Job "_scheduled_ingestion (trigger: interval[0:01:00], next run at: 2026-03-02 00:19:39 IST)" executed successfully
Running job "_scheduled_ingestion (trigger: interval[0:01:00], next run at: 2026-03-02 00:20:39 IST)" (scheduled at 2026-03-02 00:19:39.070044+05:30)
Execution of job "_scheduled_ingestion (trigger: interval[0:01:00], next run at: 2026-03-02 00:20:39 IST)" skipped: maximum number of running instances reached (1)
Execution of job "_scheduled_ingestion (trigger: interval[0:01:00], next run at: 2026-03-02 00:21:39 IST)" skipped: maximum number of running instances reached (1)
Job "_scheduled_ingestion (trigger: interval[0:01:00], next run at: 2026-03-02 00:22:39 IST)" executed successfully
Running job "_scheduled_ingestion (trigger: interval[0:01:00], next run at: 2026-03-02 00:23:39 IST)" (scheduled at 2026-03-02 00:22:39.070044+05:30)
Execution of job "_scheduled_ingestion (trigger: interval[0:01:00], next run at: 2026-03-02 00:23:39 IST)" skipped: maximum number of running instances reached (1)
Execution of job "_scheduled_ingestion (trigger: interval[0:01:00], next run at: 2026-03-02 00:24:39 IST)" skipped: maximum number of running instances reached (1)
Job "_scheduled_ingestion (trigger: interval[0:01:00], next run at: 2026-03-02 00:25:39 IST)" executed successfully
Running job "_scheduled_ingestion (trigger: interval[0:01:00], next run at: 2026-03-02 00:26:39 IST)" (scheduled at 2026-03-02 00:25:39.070044+05:30)
Execution of job "_scheduled_ingestion (trigger: interval[0:01:00], next run at: 2026-03-02 00:26:39 IST)" skipped: maximum number of running instances reached (1)
